// Jest Snapshot v1, https://goo.gl/fbAQLP

exports[`multiple store complex secene 1`] = `
Array [
  "Store init ðŸš€",
  "Actor:reduce HelloActor",
  "parse:rl -> helloRL",
  "ðŸ”¥:tracing: QL(helloQL)",
  "dep:hello, cache:false, value:\\"hello\\"",
  "QL(helloQL)|> \\"hello\\"",
  "store dispatch => 'globalState'",
  "params|> immutable[yes] ",
  Object {
    "hello": "hello global state",
  },
  "HelloActor receive => 'globalState'",
  "Reactive ðŸš€",
  "ðŸ”¥:tracing: QL(helloQL)",
  "dep:hello, cache:false, value:\\"hello global state\\"",
  "QL(helloQL)|> \\"hello global state\\"",
  "helloRL => ðŸ”¥",
  "Store init ðŸš€",
  "Actor:reduce HelloActor",
  "store dispatch => 'globalState'",
  "params|> immutable[yes] ",
  Object {
    "hello": "hello global state",
  },
  "HelloActor receive => 'globalState'",
  "store dispatch => 'change'",
  "params|> multiple store complex secene",
  "HelloActor receive => 'change'",
  "Reactive ðŸš€",
  "ðŸ”¥:tracing: QL(helloQL)",
  "dep:hello, cache:false, value:\\"multiple store complex secene\\"",
  "QL(helloQL)|> \\"multiple store complex secene\\"",
  "helloRL => ðŸ”¥",
  "store dispatch => 'globalState'",
  "params|> immutable[yes] ",
  Object {
    "hello": "multiple store complex secene",
  },
  "HelloActor receive => 'globalState'",
  "store dispatch => 'globalState'",
  "params|> immutable[yes] ",
  Object {
    "hello": "multiple store complex secene",
  },
  "HelloActor receive => 'globalState'",
]
`;
