// Jest Snapshot v1, https://goo.gl/fbAQLP

exports[`test debug window app 1`] = `
<div>
  hello world
</div>
`;

exports[`test debug window app 2`] = `
Array [
  "===========store init==========",
  "Actor:reduce LoadingActor",
  "Actor:reduce HelloActor",
  "%cplume2@1.1.1ðŸš€",
  "StoreProvider(DebugApp) will mount ðŸš€",
]
`;
