// Jest Snapshot v1, https://goo.gl/fbAQLP

exports[`ql test suite init ql state 1`] = `
Array [
  "loading",
  [Function],
]
`;
