// Jest Snapshot v1, https://goo.gl/fbAQLP

exports[`relax dql initialize 1`] = `
<div>
  <div>
    <div>
      2
    </div>
    <div>
      p2
    </div>
  </div>
  <div>
    <div>
      2
    </div>
    <div>
      p2
    </div>
  </div>
  <div>
    <div>
      2
    </div>
    <div>
      p2
    </div>
  </div>
  <div>
    <div>
      2
    </div>
    <div>
      p2
    </div>
  </div>
  <div>
    <div>
      2
    </div>
    <div>
      p2
    </div>
  </div>
</div>
`;
