// Jest Snapshot v1, https://goo.gl/fbAQLP

exports[`test relax proxy ref 1`] = `
<div>
  hello
</div>
`;

exports[`test relax proxy ref 2`] = `
Array [
  "%cplume2@1.1.1ðŸš€",
  "===========store init==========",
  "Actor:reduce HelloActor",
  "StoreProvider(TestApp) will mount ðŸš€",
  "Relax(Text) willMount rx store true ðŸš€",
  "props => {
  \\"relaxProps\\": {
    \\"hello\\": \\"hello\\"
  }
}",
]
`;
