// Jest Snapshot v1, https://goo.gl/fbAQLP

exports[`test init time-travel 1`] = `
Array [
  "Store init ðŸš€",
  "Actor:reduce HelloActor",
  "Actor:reduce LoadingActor",
  "store dispatch => 'loading'",
  "params|> false",
  "LoadingActor receive => 'loading'",
  "store dispatch => 'hello'",
  "params|> hello plume2",
  "HelloActor receive => 'hello'",
  "::::::::::::::::ðŸš€ open new transaction ðŸš€::::::::::::::::::",
  "store dispatch => 'loading'",
  "params|> true",
  "LoadingActor receive => 'loading'",
  "store dispatch => 'hello'",
  "params|> hello plume2 world",
  "HelloActor receive => 'hello'",
  "store dispatch => 'loading'",
  "params|> false",
  "LoadingActor receive => 'loading'",
  "time-travel@replay@cursor[0-%d]",
  "Actor:reduce HelloActor",
  "Actor:reduce LoadingActor",
  "store dispatch => 'loading'",
  "params|> false",
  "LoadingActor receive => 'loading'",
  "store dispatch => 'hello'",
  "params|> hello plume2",
  "HelloActor receive => 'hello'",
  "::::::::::::::::ðŸš€ open new transaction ðŸš€::::::::::::::::::",
  "store dispatch => 'loading'",
  "params|> true",
  "LoadingActor receive => 'loading'",
  "store dispatch => 'hello'",
  "params|> hello plume2 world",
  "HelloActor receive => 'hello'",
  "store dispatch => 'loading'",
  "params|> false",
  "LoadingActor receive => 'loading'",
  "time-travel@back@cursor:#",
  "Actor:reduce HelloActor",
  "Actor:reduce LoadingActor",
  "store dispatch => 'loading'",
  "params|> false",
  "LoadingActor receive => 'loading'",
  "store dispatch => 'hello'",
  "params|> hello plume2",
  "HelloActor receive => 'hello'",
  "::::::::::::::::ðŸš€ open new transaction ðŸš€::::::::::::::::::",
  "store dispatch => 'loading'",
  "params|> true",
  "LoadingActor receive => 'loading'",
  "store dispatch => 'hello'",
  "params|> hello plume2 world",
  "HelloActor receive => 'hello'",
  "time-travel@back@cursor:#",
  "Actor:reduce HelloActor",
  "Actor:reduce LoadingActor",
  "store dispatch => 'loading'",
  "params|> false",
  "LoadingActor receive => 'loading'",
  "store dispatch => 'hello'",
  "params|> hello plume2",
  "HelloActor receive => 'hello'",
  "time-travel@back@cursor:#",
  "Actor:reduce HelloActor",
  "Actor:reduce LoadingActor",
  "store dispatch => 'loading'",
  "params|> false",
  "LoadingActor receive => 'loading'",
  "time-travel@next@cursor:#",
  "Actor:reduce HelloActor",
  "Actor:reduce LoadingActor",
  "store dispatch => 'loading'",
  "params|> false",
  "LoadingActor receive => 'loading'",
  "store dispatch => 'hello'",
  "params|> hello plume2",
  "HelloActor receive => 'hello'",
  "time-travel@next@cursor:#",
  "Actor:reduce HelloActor",
  "Actor:reduce LoadingActor",
  "store dispatch => 'loading'",
  "params|> false",
  "LoadingActor receive => 'loading'",
  "store dispatch => 'hello'",
  "params|> hello plume2",
  "HelloActor receive => 'hello'",
  "::::::::::::::::ðŸš€ open new transaction ðŸš€::::::::::::::::::",
  "store dispatch => 'loading'",
  "params|> true",
  "LoadingActor receive => 'loading'",
  "store dispatch => 'hello'",
  "params|> hello plume2 world",
  "HelloActor receive => 'hello'",
]
`;
