// Jest Snapshot v1, https://goo.gl/fbAQLP

exports[`viewAction test suite test relax inject viewAction 1`] = `
<div>
  <div>
    
  </div>
  <div>
    
  </div>
</div>
`;

exports[`viewAction test suite test relax inject viewAction 2`] = `
<div>
  <div>
    hello
  </div>
  <div>
    world
  </div>
</div>
`;

exports[`viewAction test suite test relax inject viewAction 3`] = `
MockLog {
  "_logs": Array [
    "%cplume2@1.0.0ðŸš€",
    "StoreProvider(HelloApp) will mount ðŸš€",
    "Relax(HelloRelax) will mount rx store: true ðŸš€ ",
    "props:|>",
    "relaxProps:|>",
    "store dispatch => 'hello'",
    "params|> hello",
    "HelloWorldActor receive => 'hello'",
    "
StoreProvider(HelloApp) will update ðŸš€",
    "Relax(HelloRelax) will update rx store true ðŸš€",
    "props:|>",
    "relaxProps:|>",
    "store dispatch => 'world'",
    "params|> world",
    "HelloWorldActor receive => 'world'",
    "
StoreProvider(HelloApp) will update ðŸš€",
    "Relax(HelloRelax) will update rx store true ðŸš€",
    "props:|>",
    "relaxProps:|>",
  ],
}
`;
